Run a container

Usage:
  run [flags]

Flags:
      --cpus float                         Number of CPUs (default 1)
  -d, --detach                             Run container in background and print container ID
  -e, --env stringArray                    Set environment variables
  -l, --label stringArray                  Set meta data on a container
  -m, --memory bytes                       Memory limit
      --name string                        Assign a name to the container
  -p, --publish stringArray                Publish a container's port(s). [HOST_PORT:]CONTAINER_PORT
      --restart restart-policy-condition   Set restart policy condition
  -v, --volume stringArray                 Volume. Ex: user:key@my_share:/absolute/path/to/target
