{
    "ID": "id",
    "Status": "",
    "Image": "nginx",
    "Command": "",
    "CPUTime": 0,
    "CPULimit": 0,
    "MemoryUsage": 0,
    "MemoryLimit": 0,
    "PidsCurrent": 0,
    "PidsLimit": 0,
    "Labels": null,
    "Ports": null,
    "Platform": "Linux",
    "CPURequest": 0,
    "MemoryRequest": 0
}
